[sites.google.com/view/f17er.html]
[backblue.gif]
[fade.gif]
[index.html]
[ssl.gstatic.com/atari/images/simple-header-blended-small.png]
[apis.google.com/js/clientc932.js]
[sites.google.com/view/f17er/f17.html]
[sites.google.com/view/f17er/hug3-gam3-l15t.html]
[sites.google.com/view/f17er/10-gam35/agar-10.html]
[sites.google.com/view/f17er/10-gam35/h0l3-10.html]
[sites.google.com/view/f17er/10-gam35/pap3r-10.html]
[sites.google.com/view/f17er/10-gam35/z0m85-r0yal3-10.html]
[sites.google.com/view/f17er/10-gam35/ragd0ll-10.html]
[sites.google.com/view/f17er/m081l3-gam35/bitlife.html]
[sites.google.com/view/f17er/m081l3-gam35/8urr1t0-8150n.html]
[sites.google.com/view/f17er/m081l3-gam35/cr055y-r0ad.html]
[sites.google.com/view/f17er/m081l3-gam35/cut-th3-r0p3.html]
[sites.google.com/view/f17er/m081l3-gam35/5u8way-5urf3r5-singapore.html]
[sites.google.com/view/f17er/m081l3-gam35/5u8way-5urf3r5-5a1nt-p.html]
[sites.google.com/view/f17er/m081l3-gam35/5u8way-5urf3r5-5an-fran.html]
[sites.google.com/view/f17er/m081l3-gam35/5u8way-5urf3r5-houston.html]
[sites.google.com/view/f17er/m081l3-gam35/5u8way-5urf3r5-t0ky0.html]
[sites.google.com/view/f17er/m081l3-gam35/t3mpl3-run.html]
[sites.google.com/view/f17er/3mulat0r5gam35/fla5h/atar1-8r3ak0ut.html]
[sites.google.com/view/f17er/3mulat0r5gam35/fla5h/fla5h-play3r.html]
[sites.google.com/view/f17er/3mulat0r5gam35/fla5h/50n1c-fla5h.html]
[sites.google.com/view/f17er/3mulat0r5gam35/fla5h/5up3r-5ma5h-fla5h.html]
[sites.google.com/view/f17er/3mulat0r5gam35/g8a-gam35.html]
[sites.google.com/view/f17er/3mulat0r5gam35/rom-downloads.html]
[sites.google.com/view/f17er/3mulat0r5gam35/emulator-1.html]
[sites.google.com/view/f17er/3mulat0r5gam35/3mulat0r5-2.html]
[sites.google.com/view/f17er/fnaf/fnaf-1.html]
[sites.google.com/view/f17er/fnaf/fnaf-2.html]
[sites.google.com/view/f17er/fnaf/fnaf-3.html]
[sites.google.com/view/f17er/fnaf/fnaf-4.html]
[sites.google.com/view/f17er/fnaf/fnaf-5l.html]
[sites.google.com/view/f17er/8a5k3t8all/bb-l3g3nd5-2020.html]
[sites.google.com/view/f17er/8a5k3t8all/bb-stars.html]
[sites.google.com/view/f17er/8a5k3t8all/8a5k3t8all-10.html]
[sites.google.com/view/f17er/8a5k3t8all/8a5k3t-8r05.html]
[sites.google.com/view/f17er/8a5k3t8all/8a5k3t-5lam-dunk-2.html]
[sites.google.com/view/f17er/8a5k3t8all/8a5k3t-and-8all.html]
[sites.google.com/view/f17er/8a5k3t8all/can0n-8a5k3t8all-4.html]
[sites.google.com/view/f17er/8a5k3t8all/3p1c-8a5k3t8all.html]
[sites.google.com/view/f17er/v3x/v3x-3.html]
[sites.google.com/view/f17er/v3x/v3x-4.html]
[sites.google.com/view/f17er/v3x/v3x-5.html]
[sites.google.com/view/f17er/v3x/v3x-6.html]
[sites.google.com/view/f17er/angry-81rd5.html]
[sites.google.com/view/f17er/8rawl-5tar5.html]
[sites.google.com/view/f17er/8l00n5-td.html]
[sites.google.com/view/f17er/8l00n5-td-2.html]
[sites.google.com/view/f17er/8l0x0r5.html]
[sites.google.com/view/f17er/80ttl3-fl1p.html]
[sites.google.com/view/f17er/c00k13-cl1ck3r.html]
[sites.google.com/view/f17er/d0g3m1n3r.html]
[sites.google.com/view/f17er/d00dl3-champ10n.html]
[sites.google.com/view/f17er/duck-l1f3.html]
[sites.google.com/view/f17er/duck-l1f3-3.html]
[sites.google.com/view/f17er/duck-l1f3-4.html]
[sites.google.com/view/f17er/3la5t1c-man.html]
[sites.google.com/view/f17er/fall-83an5.html]
[sites.google.com/view/f17er/fall-guy5.html]
[sites.google.com/view/f17er/f0rtn1t3.html]
[sites.google.com/view/f17er/fru1t-n1nja.html]
[sites.google.com/view/f17er/g30m3try-da5h.html]
[sites.google.com/view/f17er/happy-wh33l5.html]
[sites.google.com/view/f17er/h3l1x-jump.html]
[sites.google.com/view/f17er/h3xgl.html]
[sites.google.com/view/f17er/j3nga.html]
[sites.google.com/view/f17er/k1ck-th3-8uddy.html]
[sites.google.com/view/f17er/k1ck-th3-t3ddy-83ar.html]
[sites.google.com/view/f17er/la5t-w00d.html]
[sites.google.com/view/f17er/l1ttl3-alch3my.html]
[sites.google.com/view/f17er/l1ttl3-alch3my-2.html]
[sites.google.com/view/f17er/mar10.html]
[sites.google.com/view/f17er/mar10-64.html]
[sites.google.com/view/f17er/m1n3craft.html]
[sites.google.com/view/f17er/m1n3craft-mult1play.html]
[sites.google.com/view/f17er/m0t0-x3m.html]
[sites.google.com/view/f17er/m0t0-x3m-p00l-party.html]
[sites.google.com/view/f17er/m0t0-x3m-5p00ky-land.html]
[sites.google.com/view/f17er/m0t0-x3m-w1nt3r.html]
[sites.google.com/view/f17er/mr-8ull3t.html]
[sites.google.com/view/f17er/pacman-3d.html]
[sites.google.com/view/f17er/r3tr0-80wl.html]
[sites.google.com/view/f17er/r00ft0p-5n1p3r5.html]
[sites.google.com/view/f17er/run-3.html]
[sites.google.com/view/f17er/sl0p3.html]
[sites.google.com/view/f17er/sl0p3-8all.html]
[sites.google.com/view/f17er/sl0p3-tunn3l.html]
[sites.google.com/view/f17er/sl0p3-2.html]
[sites.google.com/view/f17er/5ma5h-kart5.html]
[sites.google.com/view/f17er/5tack.html]
[sites.google.com/view/f17er/5up3r-mar10-land.html]
[sites.google.com/view/f17er/tap-tap-5h0t5.html]
[sites.google.com/view/f17er/tanuk1-5un53t.html]
[sites.google.com/view/f17er/th3r3-15-n0-nam3.html]
[sites.google.com/view/f17er/un0.html]
[sites.google.com/view/f17er/w0rdl3.html]
[sites.google.com/view/f17er/1v1-l0l.html]
[sites.google.com/view/f17er.html]
[sites.google.com/view/f17er/f17.html]
[sites.google.com/view/f17er/2048.html]
[sites.google.com/view/f17er/_https_/giligan243.netlify.app/_.63.delayed]
[sites.google.com/view/f17er/hug3-gam3-l15t.html]
[sites.google.com/view/f17er/10-gam35/_https_/jptragar.glitch.me/_;.64.delayed]
[sites.google.com/view/f17er/10-gam35/agar-10.html]
[sites.google.com/view/f17er/10-gam35/_https_/script.google.com/macros/s/AKfycbz5XhAbWiX1n5F21pRub4zv1NL4A8OpzI2FHpyAOPDua99tAaZ46lO4UKT4qf0gtvb9Cw/exec_;.65.delayed]
[sites.google.com/view/f17er/10-gam35/h0l3-10.html]
[sites.google.com/view/f17er/10-gam35/_https_/radny-dorang.netlify.app/_;.66.delayed]
[sites.google.com/view/f17er/10-gam35/pap3r-10.html]
[sites.google.com/view/f17er/10-gam35/_https_/delightful-scone-a150ef.netlify.app/projects/zombs-royale/index.67.delayed]
[sites.google.com/view/f17er/10-gam35/z0m85-r0yal3-10.html]
[sites.google.com/view/f17er/10-gam35/_https_/script.google.com/macros/s/AKfycbwrec6t_JZ7wpyB7S6CYzrhazuoBbCHiwTbiPTnep9WPGX4NxHpLouqhG7rlbV7fiS1/exec_;.68.delayed]
[sites.google.com/view/f17er/10-gam35/ragd0ll-10.html]
[sites.google.com/view/f17er/m081l3-gam35/_https_/www.geographical-facts.ml/_;.69.delayed]
[sites.google.com/view/f17er/m081l3-gam35/bitlife.html]
[sites.google.com/view/f17er/m081l3-gam35/_https_/zayaruzostreetorgan.com/uploads/5/5/6/7/5567194/custom_themes/607721921917323670/burrito-bison-ll.6a.delayed]
[sites.google.com/view/f17er/m081l3-gam35/8urr1t0-8150n.html]
[sites.google.com/view/f17er/m081l3-gam35/_https_/aaryan123456.github.io/Crossy-Road/_;.6b.delayed]
[sites.google.com/view/f17er/m081l3-gam35/cr055y-r0ad.html]
[sites.google.com/view/f17er/m081l3-gam35/_https_/yell0wsuit.github.io/html5-games/games/CutTheRope/_;.6c.delayed]
[sites.google.com/view/f17er/m081l3-gam35/cut-th3-r0p3.html]
[sites.google.com/view/f17er/m081l3-gam35/_https_/yell0wsuit.github.io/html5-games/games/subway-surfers/_;.6d.delayed]
[sites.google.com/view/f17er/m081l3-gam35/5u8way-5urf3r5-singapore.html]
[sites.google.com/view/f17er/m081l3-gam35/_https_/dddavit.github.io/subway-surfers/_;.6e.delayed]
[sites.google.com/view/f17er/m081l3-gam35/5u8way-5urf3r5-5a1nt-p.html]
[sites.google.com/view/f17er/m081l3-gam35/_https_/delightful-scone-a150ef.netlify.app/projects/subway-surfers/index.6f.delayed]
[sites.google.com/view/f17er/m081l3-gam35/5u8way-5urf3r5-5an-fran.html]
[sites.google.com/view/f17er/m081l3-gam35/_https_/makfr98eu5pnnhumrh0ooo542nl1459d-a-sites-opensocial.googleusercontent.com/gadgets/ifr.700d6b.delayed]
[sites.google.com/view/f17er/m081l3-gam35/5u8way-5urf3r5-houston.html]
[sites.google.com/view/f17er/m081l3-gam35/_https_/mj89sp3sau2k7lj1eg3k40hkeppguj6j-a-sites-opensocial.googleusercontent.com/gadgets/ifr.717bd1.delayed]
[sites.google.com/view/f17er/m081l3-gam35/5u8way-5urf3r5-t0ky0.html]
[sites.google.com/view/f17er/m081l3-gam35/_https_/xlegends.github.io/tpp2/_;.72.delayed]
[sites.google.com/view/f17er/m081l3-gam35/t3mpl3-run.html]
[sites.google.com/view/f17er/3mulat0r5gam35/fla5h/_https_/script.google.com/macros/s/AKfycbwKxvQsHPHY4UopHK-Mszkytqh-1twnclPlPh4aEN0r0N9i0K6VCxMjlKDkvkB0kAmJ/exec_;.73.delayed]
[sites.google.com/view/f17er/3mulat0r5gam35/fla5h/atar1-8r3ak0ut.html]
[sites.google.com/view/f17er/3mulat0r5gam35/fla5h/_https_/script.google.com/macros/s/AKfycbwOwpdJSIfIfiNmEYjdcWY7eUgmueFfXmZmCNktk0BVBHDXVWTA59d5TatJ9qlLlid8/exec_;.74.delayed]
[sites.google.com/view/f17er/3mulat0r5gam35/fla5h/fla5h-play3r.html]
[sites.google.com/view/f17er/3mulat0r5gam35/fla5h/_https_/script.google.com/macros/s/AKfycbybh4Rud-w5nnIEnVhfKuJlxENA7M2DVJ5heA1Ztj4sUQSgnurDTqJHPELfZuxzf4fn/exec_;.75.delayed]
[sites.google.com/view/f17er/3mulat0r5gam35/fla5h/50n1c-fla5h.html]
[sites.google.com/view/f17er/3mulat0r5gam35/fla5h/_https_/script.google.com/macros/s/AKfycbzch9YylS-N_sScqClNezlSpFGQfLuej7GlwvMpa6p1Wt36eoPujQnH4ibep3aXqOBp/exec_;.76.delayed]
[sites.google.com/view/f17er/3mulat0r5gam35/fla5h/5up3r-5ma5h-fla5h.html]
[sites.google.com/view/f17er/3mulat0r5gam35/_https_/grand-maamoul-930a0c.netlify.app/games/gfiles/emulator/gba/index.77.delayed]
[sites.google.com/view/f17er/3mulat0r5gam35/g8a-gam35.html]
[sites.google.com/view/f17er/3mulat0r5gam35/rom-downloads.html]
[sites.google.com/view/f17er/3mulat0r5gam35/_https_/statefarmismid.netlify.app/_;.78.delayed]
[sites.google.com/view/f17er/3mulat0r5gam35/emulator-1.html]
[sites.google.com/view/f17er/3mulat0r5gam35/_https_/flabber-gaster.netlify.app/_;.79.delayed]
[sites.google.com/view/f17er/3mulat0r5gam35/3mulat0r5-2.html]
[sites.google.com/view/f17er/fnaf/_https_/fnafen.website.yandexcloud.net/_;.7a.delayed]
[sites.google.com/view/f17er/fnaf/fnaf-1.html]
[sites.google.com/view/f17er/fnaf/_https_/xlegends.github.io/fnaf2plswork/_;.7b.delayed]
[sites.google.com/view/f17er/fnaf/fnaf-2.html]
[sites.google.com/view/f17er/fnaf/_https_/forkphorus.github.io/embed.7cc252.delayed]
[sites.google.com/view/f17er/fnaf/fnaf-3.html]
[sites.google.com/view/f17er/fnaf/_https_/forkphorus.github.io/embed.7ddf95.delayed]
[sites.google.com/view/f17er/fnaf/fnaf-4.html]
[sites.google.com/view/f17er/fnaf/_https_/sisterlocation.clambam10.repl.co/_;.7e.delayed]
[sites.google.com/view/f17er/fnaf/fnaf-5l.html]
[sites.google.com/view/f17er/8a5k3t8all/_https_/ljka4tmk44qik3q6iuqsfns9tfhgueb7-a-sites-opensocial.googleusercontent.com/gadgets/ifr.7ff317.delayed]
[sites.google.com/view/f17er/8a5k3t8all/bb-l3g3nd5-2020.html]
[sites.google.com/view/f17er/8a5k3t8all/_https_/www-ig-opensocial.googleusercontent.com/gadgets/ifr.808371.delayed]
[sites.google.com/view/f17er/8a5k3t8all/bb-stars.html]
[sites.google.com/view/f17er/8a5k3t8all/_https_/grandcanyonshuttles.com/uploads/5/5/6/7/5567194/custom_themes/666344820848380631/basketball_io.81.delayed]
[sites.google.com/view/f17er/8a5k3t8all/8a5k3t8all-10.html]
[sites.google.com/view/f17er/8a5k3t8all/_https_/berry.party/_;.82.delayed]
[sites.google.com/view/f17er/8a5k3t8all/8a5k3t-8r05.html]
[sites.google.com/view/f17er/8a5k3t8all/_https_/script.google.com/macros/s/AKfycbx1ReLrit8WxbZsDHkXU468B8ELDW0y9SQbvUWX4CELQnQBqEF8mHwxnBn1yHesR6rZnA/exec_;.83.delayed]
[sites.google.com/view/f17er/8a5k3t8all/8a5k3t-5lam-dunk-2.html]
[sites.google.com/view/f17er/8a5k3t8all/_https_/beijing12.netlify.app/_;.84.delayed]
[sites.google.com/view/f17er/8a5k3t8all/8a5k3t-and-8all.html]
[sites.google.com/view/f17er/8a5k3t8all/_https_/delightful-scone-a150ef.netlify.app/projects/cannon-basketball-4/index.85.delayed]
[sites.google.com/view/f17er/8a5k3t8all/can0n-8a5k3t8all-4.html]
[sites.google.com/view/f17er/8a5k3t8all/_https_/www-uddddddwiia-opensocial.googleusercontent.com/gadgets/ifr.8626a6.delayed]
[sites.google.com/view/f17er/8a5k3t8all/3p1c-8a5k3t8all.html]
[sites.google.com/view/f17er/v3x/_https_/delightful-scone-a150ef.netlify.app/projects/vex3/index.87.delayed]
[sites.google.com/view/f17er/v3x/v3x-3.html]
[sites.google.com/view/f17er/v3x/_https_/delightful-scone-a150ef.netlify.app/projects/vex4/index.88.delayed]
[sites.google.com/view/f17er/v3x/v3x-4.html]
[sites.google.com/view/f17er/v3x/_https_/delightful-scone-a150ef.netlify.app/projects/vex5/index.89.delayed]
[sites.google.com/view/f17er/v3x/v3x-5.html]
[sites.google.com/view/f17er/v3x/_https_/delightful-scone-a150ef.netlify.app/projects/vex6/index.8a.delayed]
[sites.google.com/view/f17er/v3x/v3x-6.html]
[sites.google.com/view/f17er/_https_/script.google.com/macros/s/AKfycbzM1tuetFVqDhDmHR4iJ2tiwmn5TOpYkHU4vCS2vulSa9NTxg/exec_;.8b.delayed]
[sites.google.com/view/f17er/angry-81rd5.html]
[sites.google.com/view/f17er/_https_/mj89sp3sau2k7lj1eg3k40hkeppguj6j-a-sites-opensocial.googleusercontent.com/gadgets/ifr.8c2dfd.delayed]
[sites.google.com/view/f17er/8rawl-5tar5.html]
[sites.google.com/view/f17er/_https_/delightful-scone-a150ef.netlify.app/projects/bloonstd/_;.8d.delayed]
[sites.google.com/view/f17er/8l00n5-td.html]
[sites.google.com/view/f17er/_https_/delightful-scone-a150ef.netlify.app/projects/bloonstd2/_;.8e.delayed]
[sites.google.com/view/f17er/8l00n5-td-2.html]
[sites.google.com/view/f17er/_https_/delightful-scone-a150ef.netlify.app/projects/bloxors/index.8f.delayed]
[sites.google.com/view/f17er/8l0x0r5.html]
[sites.google.com/view/f17er/_https_/grandcanyonshuttles.com/uploads/5/0/5/6/5056555/custom_themes/664718197367015386/bottle-flip.90.delayed]
[sites.google.com/view/f17er/80ttl3-fl1p.html]
[sites.google.com/view/f17er/_https_/pinksmashups.000webhostapp.com/Cookie Clicker/_;.91.delayed]
[sites.google.com/view/f17er/c00k13-cl1ck3r.html]
[sites.google.com/view/f17er/_https_/629eddcb6fc4ba235fa0cda3--silver-pegasus-75f450.netlify.app/g/dogeminer/index.92.delayed]
[sites.google.com/view/f17er/d0g3m1n3r.html]
[sites.google.com/view/f17er/_https_/biscochitos0.netlify.app/_;.93.delayed]
[sites.google.com/view/f17er/d00dl3-champ10n.html]
[sites.google.com/view/f17er/_https_/629edc8ffcb0b52328ceee17--silver-pegasus-75f450.netlify.app/g/ducklife/_;.94.delayed]
[sites.google.com/view/f17er/duck-l1f3.html]
[sites.google.com/view/f17er/_https_/629eddcb6fc4ba235fa0cda3--silver-pegasus-75f450.netlify.app/g/duckl3/_;.95.delayed]
[sites.google.com/view/f17er/duck-l1f3-3.html]
[sites.google.com/view/f17er/_https_/script.google.com/macros/s/AKfycbwVCVVOvbzb8Huq3ECJ27AA7jy7PA4fqR9mhyuhqXZdRJuqNQuWbTm1TdDMnziQTfP3/exec_;.96.delayed]
[sites.google.com/view/f17er/duck-l1f3-4.html]
[sites.google.com/view/f17er/_https_/script.google.com/macros/s/AKfycbwSkF8B_18rWY16R3Yu8Qa8Z0SZ4QW3lo56LBjYee8Wa3Enreul2POt8mkLrsV3uBZT/exec_;.97.delayed]
[sites.google.com/view/f17er/3la5t1c-man.html]
[sites.google.com/view/f17er/_https_/zayaruzostreetorgan.com/uploads/5/0/5/6/5056555/custom_themes/251014781567176197/fall-beans.98.delayed]
[sites.google.com/view/f17er/fall-83an5.html]
[sites.google.com/view/f17er/_https_/7e5f3khi97q5sdrp5fv3fndluvdcilhg-a-sites-opensocial.googleusercontent.com/gadgets/ifr.9948e7.delayed]
[sites.google.com/view/f17er/fall-guy5.html]
[sites.google.com/view/f17er/_https_/scratch.mit.edu/projects/429747831/embed_;.9a.delayed]
[sites.google.com/view/f17er/f0rtn1t3.html]
[sites.google.com/view/f17er/_https_/app-166711.games.s3.yandex.net/166711/zixgpmuvi1j4ahqkxmecru1jxp7yz0ew/index.9b.delayed]
[sites.google.com/view/f17er/fru1t-n1nja.html]
[sites.google.com/view/f17er/_https_/scratch.mit.edu/projects/207455066/embed_;.9c.delayed]
[sites.google.com/view/f17er/g30m3try-da5h.html]
[sites.google.com/view/f17er/_https_/sprightly-froyo-8941fe.netlify.app/_;.9d.delayed]
[sites.google.com/view/f17er/happy-wh33l5.html]
[sites.google.com/view/f17er/_https_/script.google.com/macros/s/AKfycbxT8LuOm_c1TYTWb2r6c5UPGib5EiJjuJp76PBp-oFF_diyVuyXnlw0IXroNK2CbZw/exec_;.9e.delayed]
[sites.google.com/view/f17er/h3l1x-jump.html]
[sites.google.com/view/f17er/_https_/delightful-scone-a150ef.netlify.app/projects/hexgl/_;.9f.delayed]
[sites.google.com/view/f17er/h3xgl.html]
[sites.google.com/view/f17er/_https_/chandlerprall.github.io/Physijs/examples/jenga.a0.delayed]
[sites.google.com/view/f17er/j3nga.html]
[sites.google.com/view/f17er/_https_/rudolph-the-red-nosed-reindeer.ga/tam-super-buddy-kick-online/_;.a1.delayed]
[sites.google.com/view/f17er/k1ck-th3-8uddy.html]
[sites.google.com/view/f17er/_https_/app-103804.games.s3.yandex.net/103804/s22d0ej4ks0zbtd434ryy9ui8dz1x2er/index.a2c3a7.delayed]
[sites.google.com/view/f17er/k1ck-th3-t3ddy-83ar.html]
[sites.google.com/view/f17er/_https_/script.google.com/macros/s/AKfycbwYpi2bWktGjSbqc7fuKo9eNlB1s6XNDGM_ML4bcDvZNF0_cWY0iIgJYLRkLlItnBLu/exec_;.a3.delayed]
[sites.google.com/view/f17er/la5t-w00d.html]
[sites.google.com/view/f17er/_https_/mj89sp3sau2k7lj1eg3k40hkeppguj6j-a-sites-opensocial.googleusercontent.com/gadgets/ifr.a40b83.delayed]
[sites.google.com/view/f17er/l1ttl3-alch3my.html]
[sites.google.com/view/f17er/_https_/mj89sp3sau2k7lj1eg3k40hkeppguj6j-a-sites-opensocial.googleusercontent.com/gadgets/ifr.a5f572.delayed]
[sites.google.com/view/f17er/l1ttl3-alch3my-2.html]
[sites.google.com/view/f17er/_https_/delightful-scone-a150ef.netlify.app/projects/mario/index.a6.delayed]
[sites.google.com/view/f17er/mar10.html]
[sites.google.com/view/f17er/_https_/www.science-demonstrations.ga/_;.a7.delayed]
[sites.google.com/view/f17er/mar10-64.html]
[sites.google.com/view/f17er/_https_/schoology.classwork-cc.repl.co/_;.a8.delayed]
[sites.google.com/view/f17er/m1n3craft.html]
[sites.google.com/view/f17er/_https_/webclient.prismarine.js.org/_;.a9.delayed]
[sites.google.com/view/f17er/m1n3craft-mult1play.html]
[sites.google.com/view/f17er/_https_/delightful-scone-a150ef.netlify.app/projects/motox3m/index.aa.delayed]
[sites.google.com/view/f17er/m0t0-x3m.html]
[sites.google.com/view/f17er/_https_/delightful-scone-a150ef.netlify.app/projects/motox3m-pool/index.ab.delayed]
[sites.google.com/view/f17er/m0t0-x3m-p00l-party.html]
[sites.google.com/view/f17er/_https_/delightful-scone-a150ef.netlify.app/projects/motox3m-spooky/index.ac.delayed]
[sites.google.com/view/f17er/m0t0-x3m-5p00ky-land.html]
[sites.google.com/view/f17er/_https_/delightful-scone-a150ef.netlify.app/projects/motox3m-winter/index.ad.delayed]
[sites.google.com/view/f17er/m0t0-x3m-w1nt3r.html]
[sites.google.com/view/f17er/_https_/www-945wjskadj2-opensocial.googleusercontent.com/gadgets/ifr.aef996.delayed]
[sites.google.com/view/f17er/mr-8ull3t.html]
[sites.google.com/view/f17er/_https_/pacman3d.application08.repl.co/_;.af.delayed]
[sites.google.com/view/f17er/pacman-3d.html]
[sites.google.com/view/f17er/_https_/moyaimoment.github.io/games/retro-bowl/_;.b0.delayed]
[sites.google.com/view/f17er/r3tr0-80wl.html]
[sites.google.com/view/f17er/_https_/delightful-scone-a150ef.netlify.app/projects/rooftop-snipers/index.b1.delayed]
[sites.google.com/view/f17er/r00ft0p-5n1p3r5.html]
[sites.google.com/view/f17er/_https_/xlegends.github.io/run3/_;.b2.delayed]
[sites.google.com/view/f17er/run-3.html]
[sites.google.com/view/f17er/_https_/xlegends.github.io/slope-1/_;.b3.delayed]
[sites.google.com/view/f17er/sl0p3.html]
[sites.google.com/view/f17er/_https_/script.google.com/macros/s/AKfycbys0OOaoO6wKNQ11hUsV-UhBYgFYDQQVR8JxAoROppNsB-eq1TvYhpy6EtJSaR1Ncfv/exec_;.b4.delayed]
[sites.google.com/view/f17er/sl0p3-8all.html]
[sites.google.com/view/f17er/_https_/script.google.com/macros/s/AKfycbx4uEA2kvPvEk_tqDJMsZYCXYz7rmai7mbKzj1TBEoMI0F8G0BvqzSZ0MOFZr7joqgcVQ/exec_;.b5.delayed]
[sites.google.com/view/f17er/sl0p3-tunn3l.html]
[sites.google.com/view/f17er/_https_/629eddcb6fc4ba235fa0cda3--silver-pegasus-75f450.netlify.app/g/slope2/_;.b6.delayed]
[sites.google.com/view/f17er/sl0p3-2.html]
[sites.google.com/view/f17er/_https_/delightful-scone-a150ef.netlify.app/projects/smashkarts/index.b7.delayed]
[sites.google.com/view/f17er/5ma5h-kart5.html]
[sites.google.com/view/f17er/_https_/mountain658-14iki5kkb-franciscogonzalez2025-geringschool.vercel.app/zstack.b8.delayed]
[sites.google.com/view/f17er/5tack.html]
[sites.google.com/view/f17er/5up3r-mar10-land.html]
[sites.google.com/view/f17er/_https_/superb-rugelach-6de88a.netlify.app/_;.b9.delayed]
[sites.google.com/view/f17er/tap-tap-5h0t5.html]
[sites.google.com/view/f17er/_https_/grandcanyonshuttles.com/uploads/5/5/6/7/5567194/custom_themes/694498548762407962/tanuki_sunset.ba.delayed]
[sites.google.com/view/f17er/tanuk1-5un53t.html]
[sites.google.com/view/f17er/_https_/delightful-scone-a150ef.netlify.app/projects/there-is-no-game/index.bb.delayed]
[sites.google.com/view/f17er/th3r3-15-n0-nam3.html]
[sites.google.com/view/f17er/_https_/script.google.com/macros/s/AKfycbzFeVJ2zIGA7fPRqhHGz_azp0r5HruOCwwTdyuqJ3GKZb-MTsiFlxgAG2XLPdPV4an3/exec_;.bc.delayed]
[sites.google.com/view/f17er/un0.html]
[sites.google.com/view/f17er/_https_/delightful-scone-a150ef.netlify.app/projects/wordle/index.bd.delayed]
[sites.google.com/view/f17er/w0rdl3.html]
[sites.google.com/view/f17er/_https_/rudolph-the-red-nosed-reindeer.ga/tam-1v1-lol/_;.be.delayed]
[sites.google.com/view/f17er/1v1-l0l.html]
[sites.google.com/view/f17er/_https_/edit.coolmathgames.com/sites/cmatgame/files/public_games/19911/_;.bf.delayed]
[sites.google.com/view/f17er/2048.html]
[sites.google.com/view/f17er/_https_/giligan243.netlify.app/_.html]
[sites.google.com/view/f17er/10-gam35/_https_/jptragar.glitch.me/_;.html]
[sites.google.com/view/f17er/10-gam35/_https_/script.google.com/macros/s/AKfycbz5XhAbWiX1n5F21pRub4zv1NL4A8OpzI2FHpyAOPDua99tAaZ46lO4UKT4qf0gtvb9Cw/exec_;.html]
[sites.google.com/view/f17er/10-gam35/_https_/radny-dorang.netlify.app/_;.html]
[sites.google.com/view/f17er/10-gam35/_https_/delightful-scone-a150ef.netlify.app/projects/zombs-royale/index.html]
[sites.google.com/view/f17er/10-gam35/_https_/script.google.com/macros/s/AKfycbwrec6t_JZ7wpyB7S6CYzrhazuoBbCHiwTbiPTnep9WPGX4NxHpLouqhG7rlbV7fiS1/exec_;.html]
[sites.google.com/view/f17er/m081l3-gam35/_https_/www.geographical-facts.ml/_;.html]
[sites.google.com/view/f17er/m081l3-gam35/_https_/zayaruzostreetorgan.com/uploads/5/5/6/7/5567194/custom_themes/607721921917323670/burrito-bison-ll.html]
[sites.google.com/view/f17er/m081l3-gam35/_https_/aaryan123456.github.io/Crossy-Road/_;.html]
[sites.google.com/view/f17er/m081l3-gam35/_https_/yell0wsuit.github.io/html5-games/games/CutTheRope/_;.html]
[sites.google.com/view/f17er/m081l3-gam35/_https_/yell0wsuit.github.io/html5-games/games/subway-surfers/_;.html]
[sites.google.com/view/f17er/m081l3-gam35/_https_/dddavit.github.io/subway-surfers/_;.html]
[sites.google.com/view/f17er/m081l3-gam35/_https_/delightful-scone-a150ef.netlify.app/projects/subway-surfers/index.html]
[sites.google.com/view/f17er/m081l3-gam35/_https_/makfr98eu5pnnhumrh0ooo542nl1459d-a-sites-opensocial.googleusercontent.com/gadgets/ifr0d6b.html]
[sites.google.com/view/f17er/m081l3-gam35/_https_/mj89sp3sau2k7lj1eg3k40hkeppguj6j-a-sites-opensocial.googleusercontent.com/gadgets/ifr7bd1.html]
[sites.google.com/view/f17er/m081l3-gam35/_https_/xlegends.github.io/tpp2/_;.html]
[sites.google.com/view/f17er/3mulat0r5gam35/fla5h/_https_/script.google.com/macros/s/AKfycbwKxvQsHPHY4UopHK-Mszkytqh-1twnclPlPh4aEN0r0N9i0K6VCxMjlKDkvkB0kAmJ/exec_;.html]
[sites.google.com/view/f17er/3mulat0r5gam35/fla5h/_https_/script.google.com/macros/s/AKfycbwOwpdJSIfIfiNmEYjdcWY7eUgmueFfXmZmCNktk0BVBHDXVWTA59d5TatJ9qlLlid8/exec_;.html]
[sites.google.com/view/f17er/3mulat0r5gam35/fla5h/_https_/script.google.com/macros/s/AKfycbybh4Rud-w5nnIEnVhfKuJlxENA7M2DVJ5heA1Ztj4sUQSgnurDTqJHPELfZuxzf4fn/exec_;.html]
[sites.google.com/view/f17er/3mulat0r5gam35/fla5h/_https_/script.google.com/macros/s/AKfycbzch9YylS-N_sScqClNezlSpFGQfLuej7GlwvMpa6p1Wt36eoPujQnH4ibep3aXqOBp/exec_;.html]
[sites.google.com/view/f17er/3mulat0r5gam35/_https_/grand-maamoul-930a0c.netlify.app/games/gfiles/emulator/gba/index.html]
[sites.google.com/view/f17er/3mulat0r5gam35/_https_/statefarmismid.netlify.app/_;.html]
[sites.google.com/view/f17er/3mulat0r5gam35/_https_/flabber-gaster.netlify.app/_;.html]
[sites.google.com/view/f17er/fnaf/_https_/fnafen.website.yandexcloud.net/_;.html]
[sites.google.com/view/f17er/fnaf/_https_/xlegends.github.io/fnaf2plswork/_;.html]
[sites.google.com/view/f17er/fnaf/_https_/forkphorus.github.io/embedc252.html]
[sites.google.com/view/f17er/fnaf/_https_/forkphorus.github.io/embeddf95.html]
[sites.google.com/view/f17er/fnaf/_https_/sisterlocation.clambam10.repl.co/_;.html]
[sites.google.com/view/f17er/8a5k3t8all/_https_/ljka4tmk44qik3q6iuqsfns9tfhgueb7-a-sites-opensocial.googleusercontent.com/gadgets/ifrf317.html]
[sites.google.com/view/f17er/8a5k3t8all/_https_/www-ig-opensocial.googleusercontent.com/gadgets/ifr8371.html]
[sites.google.com/view/f17er/8a5k3t8all/_https_/grandcanyonshuttles.com/uploads/5/5/6/7/5567194/custom_themes/666344820848380631/basketball_io.html]
[sites.google.com/view/f17er/8a5k3t8all/_https_/berry.party/_;.html]
[sites.google.com/view/f17er/8a5k3t8all/_https_/script.google.com/macros/s/AKfycbx1ReLrit8WxbZsDHkXU468B8ELDW0y9SQbvUWX4CELQnQBqEF8mHwxnBn1yHesR6rZnA/exec_;.html]
[sites.google.com/view/f17er/8a5k3t8all/_https_/beijing12.netlify.app/_;.html]
[sites.google.com/view/f17er/8a5k3t8all/_https_/delightful-scone-a150ef.netlify.app/projects/cannon-basketball-4/index.html]
[sites.google.com/view/f17er/8a5k3t8all/_https_/www-uddddddwiia-opensocial.googleusercontent.com/gadgets/ifr26a6.html]
[sites.google.com/view/f17er/v3x/_https_/delightful-scone-a150ef.netlify.app/projects/vex3/index.html]
[sites.google.com/view/f17er/v3x/_https_/delightful-scone-a150ef.netlify.app/projects/vex4/index.html]
[sites.google.com/view/f17er/v3x/_https_/delightful-scone-a150ef.netlify.app/projects/vex5/index.html]
[sites.google.com/view/f17er/v3x/_https_/delightful-scone-a150ef.netlify.app/projects/vex6/index.html]
[sites.google.com/view/f17er/_https_/script.google.com/macros/s/AKfycbzM1tuetFVqDhDmHR4iJ2tiwmn5TOpYkHU4vCS2vulSa9NTxg/exec_;.html]
[sites.google.com/view/f17er/_https_/mj89sp3sau2k7lj1eg3k40hkeppguj6j-a-sites-opensocial.googleusercontent.com/gadgets/ifr2dfd.html]
[sites.google.com/view/f17er/_https_/delightful-scone-a150ef.netlify.app/projects/bloonstd/_;.html]
[sites.google.com/view/f17er/_https_/delightful-scone-a150ef.netlify.app/projects/bloonstd2/_;.html]
[sites.google.com/view/f17er/_https_/delightful-scone-a150ef.netlify.app/projects/bloxors/index.html]
[sites.google.com/view/f17er/_https_/grandcanyonshuttles.com/uploads/5/0/5/6/5056555/custom_themes/664718197367015386/bottle-flip.html]
[sites.google.com/view/f17er/_https_/pinksmashups.000webhostapp.com/Cookie Clicker/_;.html]
[sites.google.com/view/f17er/_https_/629eddcb6fc4ba235fa0cda3--silver-pegasus-75f450.netlify.app/g/dogeminer/index.html]
[sites.google.com/view/f17er/_https_/biscochitos0.netlify.app/_;.html]
[sites.google.com/view/f17er/_https_/629edc8ffcb0b52328ceee17--silver-pegasus-75f450.netlify.app/g/ducklife/_;.html]
[sites.google.com/view/f17er/_https_/629eddcb6fc4ba235fa0cda3--silver-pegasus-75f450.netlify.app/g/duckl3/_;.html]
[sites.google.com/view/f17er/_https_/script.google.com/macros/s/AKfycbwVCVVOvbzb8Huq3ECJ27AA7jy7PA4fqR9mhyuhqXZdRJuqNQuWbTm1TdDMnziQTfP3/exec_;.html]
[sites.google.com/view/f17er/_https_/script.google.com/macros/s/AKfycbwSkF8B_18rWY16R3Yu8Qa8Z0SZ4QW3lo56LBjYee8Wa3Enreul2POt8mkLrsV3uBZT/exec_;.html]
[sites.google.com/view/f17er/_https_/zayaruzostreetorgan.com/uploads/5/0/5/6/5056555/custom_themes/251014781567176197/fall-beans.html]
[sites.google.com/view/f17er/_https_/7e5f3khi97q5sdrp5fv3fndluvdcilhg-a-sites-opensocial.googleusercontent.com/gadgets/ifr48e7.html]
[sites.google.com/view/f17er/_https_/scratch.mit.edu/projects/429747831/embed_;.html]
[sites.google.com/view/f17er/_https_/app-166711.games.s3.yandex.net/166711/zixgpmuvi1j4ahqkxmecru1jxp7yz0ew/index.html]
[sites.google.com/view/f17er/_https_/scratch.mit.edu/projects/207455066/embed_;.html]
[sites.google.com/view/f17er/_https_/sprightly-froyo-8941fe.netlify.app/_;.html]
[sites.google.com/view/f17er/_https_/script.google.com/macros/s/AKfycbxT8LuOm_c1TYTWb2r6c5UPGib5EiJjuJp76PBp-oFF_diyVuyXnlw0IXroNK2CbZw/exec_;.html]
[sites.google.com/view/f17er/_https_/delightful-scone-a150ef.netlify.app/projects/hexgl/_;.html]
[sites.google.com/view/f17er/_https_/chandlerprall.github.io/Physijs/examples/jenga.html]
[sites.google.com/view/f17er/_https_/rudolph-the-red-nosed-reindeer.ga/tam-super-buddy-kick-online/_;.html]
[sites.google.com/view/f17er/_https_/app-103804.games.s3.yandex.net/103804/s22d0ej4ks0zbtd434ryy9ui8dz1x2er/indexc3a7.html]
[sites.google.com/view/f17er/_https_/script.google.com/macros/s/AKfycbwYpi2bWktGjSbqc7fuKo9eNlB1s6XNDGM_ML4bcDvZNF0_cWY0iIgJYLRkLlItnBLu/exec_;.html]
[sites.google.com/view/f17er/_https_/mj89sp3sau2k7lj1eg3k40hkeppguj6j-a-sites-opensocial.googleusercontent.com/gadgets/ifr0b83.html]
[sites.google.com/view/f17er/_https_/mj89sp3sau2k7lj1eg3k40hkeppguj6j-a-sites-opensocial.googleusercontent.com/gadgets/ifrf572.html]
[sites.google.com/view/f17er/_https_/delightful-scone-a150ef.netlify.app/projects/mario/index.html]
[sites.google.com/view/f17er/_https_/www.science-demonstrations.ga/_;.html]
[sites.google.com/view/f17er/_https_/schoology.classwork-cc.repl.co/_;.html]
[sites.google.com/view/f17er/_https_/webclient.prismarine.js.org/_;.html]
[sites.google.com/view/f17er/_https_/delightful-scone-a150ef.netlify.app/projects/motox3m/index.html]
[sites.google.com/view/f17er/_https_/delightful-scone-a150ef.netlify.app/projects/motox3m-pool/index.html]
[sites.google.com/view/f17er/_https_/delightful-scone-a150ef.netlify.app/projects/motox3m-spooky/index.html]
[sites.google.com/view/f17er/_https_/delightful-scone-a150ef.netlify.app/projects/motox3m-winter/index.html]
[sites.google.com/view/f17er/_https_/www-945wjskadj2-opensocial.googleusercontent.com/gadgets/ifrf996.html]
[sites.google.com/view/f17er/_https_/pacman3d.application08.repl.co/_;.html]
[sites.google.com/view/f17er/_https_/moyaimoment.github.io/games/retro-bowl/_;.html]
[sites.google.com/view/f17er/_https_/delightful-scone-a150ef.netlify.app/projects/rooftop-snipers/index.html]
[sites.google.com/view/f17er/_https_/xlegends.github.io/run3/_;.html]
[sites.google.com/view/f17er/_https_/xlegends.github.io/slope-1/_;.html]
[sites.google.com/view/f17er/_https_/script.google.com/macros/s/AKfycbys0OOaoO6wKNQ11hUsV-UhBYgFYDQQVR8JxAoROppNsB-eq1TvYhpy6EtJSaR1Ncfv/exec_;.html]
[sites.google.com/view/f17er/_https_/script.google.com/macros/s/AKfycbx4uEA2kvPvEk_tqDJMsZYCXYz7rmai7mbKzj1TBEoMI0F8G0BvqzSZ0MOFZr7joqgcVQ/exec_;.html]
[sites.google.com/view/f17er/_https_/629eddcb6fc4ba235fa0cda3--silver-pegasus-75f450.netlify.app/g/slope2/_;.html]
[sites.google.com/view/f17er/_https_/delightful-scone-a150ef.netlify.app/projects/smashkarts/index.html]
[sites.google.com/view/f17er/_https_/mountain658-14iki5kkb-franciscogonzalez2025-geringschool.vercel.app/zstack.html]
[sites.google.com/view/f17er/_https_/superb-rugelach-6de88a.netlify.app/_;.html]
[sites.google.com/view/f17er/_https_/grandcanyonshuttles.com/uploads/5/5/6/7/5567194/custom_themes/694498548762407962/tanuki_sunset.html]
[sites.google.com/view/f17er/_https_/delightful-scone-a150ef.netlify.app/projects/there-is-no-game/index.html]
[sites.google.com/view/f17er/_https_/script.google.com/macros/s/AKfycbzFeVJ2zIGA7fPRqhHGz_azp0r5HruOCwwTdyuqJ3GKZb-MTsiFlxgAG2XLPdPV4an3/exec_;.html]
[sites.google.com/view/f17er/_https_/delightful-scone-a150ef.netlify.app/projects/wordle/index.html]
[sites.google.com/view/f17er/_https_/rudolph-the-red-nosed-reindeer.ga/tam-1v1-lol/_;.html]
[sites.google.com/view/f17er/_https_/edit.coolmathgames.com/sites/cmatgame/files/public_games/19911/_;.html]
